Archive member included to satisfy reference by file (symbol)

c:/st/stm32cubeide_1.4.0/stm32cubeide/plugins/com.st.stm32cube.ide.mcu.externaltools.gnu-tools-for-stm32.7-2018-q2-update.win32_1.4.0.202007081208/tools/bin/../lib/gcc/arm-none-eabi/7.3.1/../../../../arm-none-eabi/lib/thumb/v7-m\libc_nano.a(lib_a-errno.o)
                              Src/syscalls.o (__errno)
c:/st/stm32cubeide_1.4.0/stm32cubeide/plugins/com.st.stm32cube.ide.mcu.externaltools.gnu-tools-for-stm32.7-2018-q2-update.win32_1.4.0.202007081208/tools/bin/../lib/gcc/arm-none-eabi/7.3.1/../../../../arm-none-eabi/lib/thumb/v7-m\libc_nano.a(lib_a-exit.o)
                              c:/st/stm32cubeide_1.4.0/stm32cubeide/plugins/com.st.stm32cube.ide.mcu.externaltools.gnu-tools-for-stm32.7-2018-q2-update.win32_1.4.0.202007081208/tools/bin/../lib/gcc/arm-none-eabi/7.3.1/../../../../arm-none-eabi/lib/thumb/v7-m/crt0.o (exit)
c:/st/stm32cubeide_1.4.0/stm32cubeide/plugins/com.st.stm32cube.ide.mcu.externaltools.gnu-tools-for-stm32.7-2018-q2-update.win32_1.4.0.202007081208/tools/bin/../lib/gcc/arm-none-eabi/7.3.1/../../../../arm-none-eabi/lib/thumb/v7-m\libc_nano.a(lib_a-impure.o)
                              c:/st/stm32cubeide_1.4.0/stm32cubeide/plugins/com.st.stm32cube.ide.mcu.externaltools.gnu-tools-for-stm32.7-2018-q2-update.win32_1.4.0.202007081208/tools/bin/../lib/gcc/arm-none-eabi/7.3.1/../../../../arm-none-eabi/lib/thumb/v7-m\libc_nano.a(lib_a-exit.o) (_global_impure_ptr)
c:/st/stm32cubeide_1.4.0/stm32cubeide/plugins/com.st.stm32cube.ide.mcu.externaltools.gnu-tools-for-stm32.7-2018-q2-update.win32_1.4.0.202007081208/tools/bin/../lib/gcc/arm-none-eabi/7.3.1/../../../../arm-none-eabi/lib/thumb/v7-m\libc_nano.a(lib_a-init.o)
                              c:/st/stm32cubeide_1.4.0/stm32cubeide/plugins/com.st.stm32cube.ide.mcu.externaltools.gnu-tools-for-stm32.7-2018-q2-update.win32_1.4.0.202007081208/tools/bin/../lib/gcc/arm-none-eabi/7.3.1/../../../../arm-none-eabi/lib/thumb/v7-m/crt0.o (__libc_init_array)
c:/st/stm32cubeide_1.4.0/stm32cubeide/plugins/com.st.stm32cube.ide.mcu.externaltools.gnu-tools-for-stm32.7-2018-q2-update.win32_1.4.0.202007081208/tools/bin/../lib/gcc/arm-none-eabi/7.3.1/../../../../arm-none-eabi/lib/thumb/v7-m\libc_nano.a(lib_a-memset.o)
                              c:/st/stm32cubeide_1.4.0/stm32cubeide/plugins/com.st.stm32cube.ide.mcu.externaltools.gnu-tools-for-stm32.7-2018-q2-update.win32_1.4.0.202007081208/tools/bin/../lib/gcc/arm-none-eabi/7.3.1/../../../../arm-none-eabi/lib/thumb/v7-m/crt0.o (memset)

Allocating common symbols
Common symbol       size              file

gp_IRQ_CallBack     0x3c              Drivers/MCAL/EXTI/STM32F103x6_EXTI_driver.o

Discarded input sections

 .text          0x0000000000000000        0x0 c:/st/stm32cubeide_1.4.0/stm32cubeide/plugins/com.st.stm32cube.ide.mcu.externaltools.gnu-tools-for-stm32.7-2018-q2-update.win32_1.4.0.202007081208/tools/bin/../lib/gcc/arm-none-eabi/7.3.1/thumb/v7-m/crti.o
 .data          0x0000000000000000        0x0 c:/st/stm32cubeide_1.4.0/stm32cubeide/plugins/com.st.stm32cube.ide.mcu.externaltools.gnu-tools-for-stm32.7-2018-q2-update.win32_1.4.0.202007081208/tools/bin/../lib/gcc/arm-none-eabi/7.3.1/thumb/v7-m/crti.o
 .bss           0x0000000000000000        0x0 c:/st/stm32cubeide_1.4.0/stm32cubeide/plugins/com.st.stm32cube.ide.mcu.externaltools.gnu-tools-for-stm32.7-2018-q2-update.win32_1.4.0.202007081208/tools/bin/../lib/gcc/arm-none-eabi/7.3.1/thumb/v7-m/crti.o
 .data          0x0000000000000000        0x4 c:/st/stm32cubeide_1.4.0/stm32cubeide/plugins/com.st.stm32cube.ide.mcu.externaltools.gnu-tools-for-stm32.7-2018-q2-update.win32_1.4.0.202007081208/tools/bin/../lib/gcc/arm-none-eabi/7.3.1/thumb/v7-m/crtbegin.o
 .text          0x0000000000000000       0x74 c:/st/stm32cubeide_1.4.0/stm32cubeide/plugins/com.st.stm32cube.ide.mcu.externaltools.gnu-tools-for-stm32.7-2018-q2-update.win32_1.4.0.202007081208/tools/bin/../lib/gcc/arm-none-eabi/7.3.1/../../../../arm-none-eabi/lib/thumb/v7-m/crt0.o
 .data          0x0000000000000000        0x0 c:/st/stm32cubeide_1.4.0/stm32cubeide/plugins/com.st.stm32cube.ide.mcu.externaltools.gnu-tools-for-stm32.7-2018-q2-update.win32_1.4.0.202007081208/tools/bin/../lib/gcc/arm-none-eabi/7.3.1/../../../../arm-none-eabi/lib/thumb/v7-m/crt0.o
 .bss           0x0000000000000000        0x0 c:/st/stm32cubeide_1.4.0/stm32cubeide/plugins/com.st.stm32cube.ide.mcu.externaltools.gnu-tools-for-stm32.7-2018-q2-update.win32_1.4.0.202007081208/tools/bin/../lib/gcc/arm-none-eabi/7.3.1/../../../../arm-none-eabi/lib/thumb/v7-m/crt0.o
 .ARM.extab     0x0000000000000000        0x0 c:/st/stm32cubeide_1.4.0/stm32cubeide/plugins/com.st.stm32cube.ide.mcu.externaltools.gnu-tools-for-stm32.7-2018-q2-update.win32_1.4.0.202007081208/tools/bin/../lib/gcc/arm-none-eabi/7.3.1/../../../../arm-none-eabi/lib/thumb/v7-m/crt0.o
 .ARM.exidx     0x0000000000000000        0x8 c:/st/stm32cubeide_1.4.0/stm32cubeide/plugins/com.st.stm32cube.ide.mcu.externaltools.gnu-tools-for-stm32.7-2018-q2-update.win32_1.4.0.202007081208/tools/bin/../lib/gcc/arm-none-eabi/7.3.1/../../../../arm-none-eabi/lib/thumb/v7-m/crt0.o
 .ARM.attributes
                0x0000000000000000       0x1b c:/st/stm32cubeide_1.4.0/stm32cubeide/plugins/com.st.stm32cube.ide.mcu.externaltools.gnu-tools-for-stm32.7-2018-q2-update.win32_1.4.0.202007081208/tools/bin/../lib/gcc/arm-none-eabi/7.3.1/../../../../arm-none-eabi/lib/thumb/v7-m/crt0.o
 .group         0x0000000000000000        0xc Drivers/MCAL/EXTI/STM32F103x6_EXTI_driver.o
 .group         0x0000000000000000        0xc Drivers/MCAL/EXTI/STM32F103x6_EXTI_driver.o
 .group         0x0000000000000000        0xc Drivers/MCAL/EXTI/STM32F103x6_EXTI_driver.o
 .group         0x0000000000000000        0xc Drivers/MCAL/EXTI/STM32F103x6_EXTI_driver.o
 .group         0x0000000000000000        0xc Drivers/MCAL/EXTI/STM32F103x6_EXTI_driver.o
 .group         0x0000000000000000        0xc Drivers/MCAL/EXTI/STM32F103x6_EXTI_driver.o
 .group         0x0000000000000000        0xc Drivers/MCAL/EXTI/STM32F103x6_EXTI_driver.o
 .group         0x0000000000000000        0xc Drivers/MCAL/EXTI/STM32F103x6_EXTI_driver.o
 .group         0x0000000000000000        0xc Drivers/MCAL/EXTI/STM32F103x6_EXTI_driver.o
 .group         0x0000000000000000        0xc Drivers/MCAL/EXTI/STM32F103x6_EXTI_driver.o
 .group         0x0000000000000000        0xc Drivers/MCAL/EXTI/STM32F103x6_EXTI_driver.o
 .group         0x0000000000000000        0xc Drivers/MCAL/EXTI/STM32F103x6_EXTI_driver.o
 .group         0x0000000000000000        0xc Drivers/MCAL/EXTI/STM32F103x6_EXTI_driver.o
 .group         0x0000000000000000        0xc Drivers/MCAL/EXTI/STM32F103x6_EXTI_driver.o
 .group         0x0000000000000000        0xc Drivers/MCAL/EXTI/STM32F103x6_EXTI_driver.o
 .group         0x0000000000000000        0xc Drivers/MCAL/EXTI/STM32F103x6_EXTI_driver.o
 .group         0x0000000000000000        0xc Drivers/MCAL/EXTI/STM32F103x6_EXTI_driver.o
 .group         0x0000000000000000        0xc Drivers/MCAL/EXTI/STM32F103x6_EXTI_driver.o
 .group         0x0000000000000000        0xc Drivers/MCAL/EXTI/STM32F103x6_EXTI_driver.o
 .group         0x0000000000000000        0xc Drivers/MCAL/EXTI/STM32F103x6_EXTI_driver.o
 .group         0x0000000000000000        0xc Drivers/MCAL/EXTI/STM32F103x6_EXTI_driver.o
 .group         0x0000000000000000        0xc Drivers/MCAL/EXTI/STM32F103x6_EXTI_driver.o
 .group         0x0000000000000000        0xc Drivers/MCAL/EXTI/STM32F103x6_EXTI_driver.o
 .group         0x0000000000000000        0xc Drivers/MCAL/EXTI/STM32F103x6_EXTI_driver.o
 .text          0x0000000000000000        0x0 Drivers/MCAL/EXTI/STM32F103x6_EXTI_driver.o
 .data          0x0000000000000000        0x0 Drivers/MCAL/EXTI/STM32F103x6_EXTI_driver.o
 .bss           0x0000000000000000        0x0 Drivers/MCAL/EXTI/STM32F103x6_EXTI_driver.o
 .text.MCAL_EXTI_GPIO_DeInit
                0x0000000000000000       0x98 Drivers/MCAL/EXTI/STM32F103x6_EXTI_driver.o
 .text.MCAL_EXTI_GPIO_Update
                0x0000000000000000       0x16 Drivers/MCAL/EXTI/STM32F103x6_EXTI_driver.o
 .group         0x0000000000000000        0xc Drivers/MCAL/GPIO/STM32F103x6_GPIO_driver.o
 .group         0x0000000000000000        0xc Drivers/MCAL/GPIO/STM32F103x6_GPIO_driver.o
 .group         0x0000000000000000        0xc Drivers/MCAL/GPIO/STM32F103x6_GPIO_driver.o
 .group         0x0000000000000000        0xc Drivers/MCAL/GPIO/STM32F103x6_GPIO_driver.o
 .group         0x0000000000000000        0xc Drivers/MCAL/GPIO/STM32F103x6_GPIO_driver.o
 .group         0x0000000000000000        0xc Drivers/MCAL/GPIO/STM32F103x6_GPIO_driver.o
 .group         0x0000000000000000        0xc Drivers/MCAL/GPIO/STM32F103x6_GPIO_driver.o
 .group         0x0000000000000000        0xc Drivers/MCAL/GPIO/STM32F103x6_GPIO_driver.o
 .group         0x0000000000000000        0xc Drivers/MCAL/GPIO/STM32F103x6_GPIO_driver.o
 .group         0x0000000000000000        0xc Drivers/MCAL/GPIO/STM32F103x6_GPIO_driver.o
 .group         0x0000000000000000        0xc Drivers/MCAL/GPIO/STM32F103x6_GPIO_driver.o
 .group         0x0000000000000000        0xc Drivers/MCAL/GPIO/STM32F103x6_GPIO_driver.o
 .group         0x0000000000000000        0xc Drivers/MCAL/GPIO/STM32F103x6_GPIO_driver.o
 .group         0x0000000000000000        0xc Drivers/MCAL/GPIO/STM32F103x6_GPIO_driver.o
 .group         0x0000000000000000        0xc Drivers/MCAL/GPIO/STM32F103x6_GPIO_driver.o
 .group         0x0000000000000000        0xc Drivers/MCAL/GPIO/STM32F103x6_GPIO_driver.o
 .group         0x0000000000000000        0xc Drivers/MCAL/GPIO/STM32F103x6_GPIO_driver.o
 .group         0x0000000000000000        0xc Drivers/MCAL/GPIO/STM32F103x6_GPIO_driver.o
 .group         0x0000000000000000        0xc Drivers/MCAL/GPIO/STM32F103x6_GPIO_driver.o
 .group         0x0000000000000000        0xc Drivers/MCAL/GPIO/STM32F103x6_GPIO_driver.o
 .group         0x0000000000000000        0xc Drivers/MCAL/GPIO/STM32F103x6_GPIO_driver.o
 .group         0x0000000000000000        0xc Drivers/MCAL/GPIO/STM32F103x6_GPIO_driver.o
 .group         0x0000000000000000        0xc Drivers/MCAL/GPIO/STM32F103x6_GPIO_driver.o
 .text          0x0000000000000000        0x0 Drivers/MCAL/GPIO/STM32F103x6_GPIO_driver.o
 .data          0x0000000000000000        0x0 Drivers/MCAL/GPIO/STM32F103x6_GPIO_driver.o
 .bss           0x0000000000000000        0x0 Drivers/MCAL/GPIO/STM32F103x6_GPIO_driver.o
 .text.MCAL_GPIO_DeInit
                0x0000000000000000       0xd4 Drivers/MCAL/GPIO/STM32F103x6_GPIO_driver.o
 .text.MCAL_GPIO_ReadPin
                0x0000000000000000       0x2e Drivers/MCAL/GPIO/STM32F103x6_GPIO_driver.o
 .text.MCAL_GPIO_WritePin
                0x0000000000000000       0x38 Drivers/MCAL/GPIO/STM32F103x6_GPIO_driver.o
 .text.MCAL_GPIO_ReadPort
                0x0000000000000000       0x1a Drivers/MCAL/GPIO/STM32F103x6_GPIO_driver.o
 .text.MCAL_GPIO_WritePort
                0x0000000000000000       0x1c Drivers/MCAL/GPIO/STM32F103x6_GPIO_driver.o
 .text.MCAL_GPIO_LockPin
                0x0000000000000000       0x5e Drivers/MCAL/GPIO/STM32F103x6_GPIO_driver.o
 .debug_macro   0x0000000000000000      0xa60 Drivers/MCAL/GPIO/STM32F103x6_GPIO_driver.o
 .debug_macro   0x0000000000000000       0x18 Drivers/MCAL/GPIO/STM32F103x6_GPIO_driver.o
 .debug_macro   0x0000000000000000       0x22 Drivers/MCAL/GPIO/STM32F103x6_GPIO_driver.o
 .debug_macro   0x0000000000000000       0x40 Drivers/MCAL/GPIO/STM32F103x6_GPIO_driver.o
 .debug_macro   0x0000000000000000       0x94 Drivers/MCAL/GPIO/STM32F103x6_GPIO_driver.o
 .debug_macro   0x0000000000000000       0x3c Drivers/MCAL/GPIO/STM32F103x6_GPIO_driver.o
 .debug_macro   0x0000000000000000       0x34 Drivers/MCAL/GPIO/STM32F103x6_GPIO_driver.o
 .debug_macro   0x0000000000000000       0x16 Drivers/MCAL/GPIO/STM32F103x6_GPIO_driver.o
 .debug_macro   0x0000000000000000      0x10e Drivers/MCAL/GPIO/STM32F103x6_GPIO_driver.o
 .debug_macro   0x0000000000000000       0x8d Drivers/MCAL/GPIO/STM32F103x6_GPIO_driver.o
 .debug_macro   0x0000000000000000       0x57 Drivers/MCAL/GPIO/STM32F103x6_GPIO_driver.o
 .debug_macro   0x0000000000000000       0x52 Drivers/MCAL/GPIO/STM32F103x6_GPIO_driver.o
 .debug_macro   0x0000000000000000       0x1f Drivers/MCAL/GPIO/STM32F103x6_GPIO_driver.o
 .debug_macro   0x0000000000000000       0x43 Drivers/MCAL/GPIO/STM32F103x6_GPIO_driver.o
 .debug_macro   0x0000000000000000       0x20 Drivers/MCAL/GPIO/STM32F103x6_GPIO_driver.o
 .debug_macro   0x0000000000000000      0x1a3 Drivers/MCAL/GPIO/STM32F103x6_GPIO_driver.o
 .debug_macro   0x0000000000000000      0x330 Drivers/MCAL/GPIO/STM32F103x6_GPIO_driver.o
 .debug_macro   0x0000000000000000       0x16 Drivers/MCAL/GPIO/STM32F103x6_GPIO_driver.o
 .debug_macro   0x0000000000000000       0x29 Drivers/MCAL/GPIO/STM32F103x6_GPIO_driver.o
 .debug_macro   0x0000000000000000       0x40 Drivers/MCAL/GPIO/STM32F103x6_GPIO_driver.o
 .debug_macro   0x0000000000000000       0x10 Drivers/MCAL/GPIO/STM32F103x6_GPIO_driver.o
 .debug_macro   0x0000000000000000      0x1c4 Drivers/MCAL/GPIO/STM32F103x6_GPIO_driver.o
 .group         0x0000000000000000        0xc Drivers/MCAL/NVIC/STM32F103x6_NVIC_driver.o
 .text          0x0000000000000000        0x0 Drivers/MCAL/NVIC/STM32F103x6_NVIC_driver.o
 .data          0x0000000000000000        0x0 Drivers/MCAL/NVIC/STM32F103x6_NVIC_driver.o
 .bss           0x0000000000000000        0x0 Drivers/MCAL/NVIC/STM32F103x6_NVIC_driver.o
 .debug_info    0x0000000000000000       0x21 Drivers/MCAL/NVIC/STM32F103x6_NVIC_driver.o
 .debug_abbrev  0x0000000000000000       0x13 Drivers/MCAL/NVIC/STM32F103x6_NVIC_driver.o
 .debug_aranges
                0x0000000000000000       0x18 Drivers/MCAL/NVIC/STM32F103x6_NVIC_driver.o
 .debug_macro   0x0000000000000000       0x11 Drivers/MCAL/NVIC/STM32F103x6_NVIC_driver.o
 .debug_macro   0x0000000000000000      0xa60 Drivers/MCAL/NVIC/STM32F103x6_NVIC_driver.o
 .debug_line    0x0000000000000000       0x4f Drivers/MCAL/NVIC/STM32F103x6_NVIC_driver.o
 .debug_str     0x0000000000000000     0x2d05 Drivers/MCAL/NVIC/STM32F103x6_NVIC_driver.o
 .comment       0x0000000000000000       0x7c Drivers/MCAL/NVIC/STM32F103x6_NVIC_driver.o
 .ARM.attributes
                0x0000000000000000       0x33 Drivers/MCAL/NVIC/STM32F103x6_NVIC_driver.o
 .group         0x0000000000000000        0xc Drivers/MCAL/RCC/STM32F103x6_RCC_driver.o
 .text          0x0000000000000000        0x0 Drivers/MCAL/RCC/STM32F103x6_RCC_driver.o
 .data          0x0000000000000000        0x0 Drivers/MCAL/RCC/STM32F103x6_RCC_driver.o
 .bss           0x0000000000000000        0x0 Drivers/MCAL/RCC/STM32F103x6_RCC_driver.o
 .debug_info    0x0000000000000000       0x21 Drivers/MCAL/RCC/STM32F103x6_RCC_driver.o
 .debug_abbrev  0x0000000000000000       0x13 Drivers/MCAL/RCC/STM32F103x6_RCC_driver.o
 .debug_aranges
                0x0000000000000000       0x18 Drivers/MCAL/RCC/STM32F103x6_RCC_driver.o
 .debug_macro   0x0000000000000000       0x11 Drivers/MCAL/RCC/STM32F103x6_RCC_driver.o
 .debug_macro   0x0000000000000000      0xa60 Drivers/MCAL/RCC/STM32F103x6_RCC_driver.o
 .debug_line    0x0000000000000000       0x4d Drivers/MCAL/RCC/STM32F103x6_RCC_driver.o
 .debug_str     0x0000000000000000     0x2d03 Drivers/MCAL/RCC/STM32F103x6_RCC_driver.o
 .comment       0x0000000000000000       0x7c Drivers/MCAL/RCC/STM32F103x6_RCC_driver.o
 .ARM.attributes
                0x0000000000000000       0x33 Drivers/MCAL/RCC/STM32F103x6_RCC_driver.o
 .group         0x0000000000000000        0xc Src/main.o
 .group         0x0000000000000000        0xc Src/main.o
 .group         0x0000000000000000        0xc Src/main.o
 .group         0x0000000000000000        0xc Src/main.o
 .group         0x0000000000000000        0xc Src/main.o
 .group         0x0000000000000000        0xc Src/main.o
 .group         0x0000000000000000        0xc Src/main.o
 .group         0x0000000000000000        0xc Src/main.o
 .group         0x0000000000000000        0xc Src/main.o
 .group         0x0000000000000000        0xc Src/main.o
 .group         0x0000000000000000        0xc Src/main.o
 .group         0x0000000000000000        0xc Src/main.o
 .group         0x0000000000000000        0xc Src/main.o
 .group         0x0000000000000000        0xc Src/main.o
 .group         0x0000000000000000        0xc Src/main.o
 .group         0x0000000000000000        0xc Src/main.o
 .group         0x0000000000000000        0xc Src/main.o
 .group         0x0000000000000000        0xc Src/main.o
 .group         0x0000000000000000        0xc Src/main.o
 .group         0x0000000000000000        0xc Src/main.o
 .group         0x0000000000000000        0xc Src/main.o
 .group         0x0000000000000000        0xc Src/main.o
 .group         0x0000000000000000        0xc Src/main.o
 .group         0x0000000000000000        0xc Src/main.o
 .text          0x0000000000000000        0x0 Src/main.o
 .data          0x0000000000000000        0x0 Src/main.o
 .bss           0x0000000000000000        0x0 Src/main.o
 .debug_macro   0x0000000000000000      0xa60 Src/main.o
 .debug_macro   0x0000000000000000       0x18 Src/main.o
 .debug_macro   0x0000000000000000       0x22 Src/main.o
 .debug_macro   0x0000000000000000       0x40 Src/main.o
 .debug_macro   0x0000000000000000       0x94 Src/main.o
 .debug_macro   0x0000000000000000       0x3c Src/main.o
 .debug_macro   0x0000000000000000       0x34 Src/main.o
 .debug_macro   0x0000000000000000       0x16 Src/main.o
 .debug_macro   0x0000000000000000      0x10e Src/main.o
 .debug_macro   0x0000000000000000       0x8d Src/main.o
 .debug_macro   0x0000000000000000       0x57 Src/main.o
 .debug_macro   0x0000000000000000       0x52 Src/main.o
 .debug_macro   0x0000000000000000       0x1f Src/main.o
 .debug_macro   0x0000000000000000       0x43 Src/main.o
 .debug_macro   0x0000000000000000       0x20 Src/main.o
 .debug_macro   0x0000000000000000      0x1a3 Src/main.o
 .debug_macro   0x0000000000000000      0x330 Src/main.o
 .debug_macro   0x0000000000000000       0x16 Src/main.o
 .debug_macro   0x0000000000000000       0x29 Src/main.o
 .debug_macro   0x0000000000000000       0x40 Src/main.o
 .debug_macro   0x0000000000000000       0x10 Src/main.o
 .debug_macro   0x0000000000000000      0x1c4 Src/main.o
 .debug_macro   0x0000000000000000       0xb8 Src/main.o
 .group         0x0000000000000000        0xc Src/syscalls.o
 .group         0x0000000000000000        0xc Src/syscalls.o
 .group         0x0000000000000000        0xc Src/syscalls.o
 .group         0x0000000000000000        0xc Src/syscalls.o
 .group         0x0000000000000000        0xc Src/syscalls.o
 .group         0x0000000000000000        0xc Src/syscalls.o
 .group         0x0000000000000000        0xc Src/syscalls.o
 .group         0x0000000000000000        0xc Src/syscalls.o
 .group         0x0000000000000000        0xc Src/syscalls.o
 .group         0x0000000000000000        0xc Src/syscalls.o
 .group         0x0000000000000000        0xc Src/syscalls.o
 .group         0x0000000000000000        0xc Src/syscalls.o
 .group         0x0000000000000000        0xc Src/syscalls.o
 .group         0x0000000000000000        0xc Src/syscalls.o
 .group         0x0000000000000000        0xc Src/syscalls.o
 .group         0x0000000000000000        0xc Src/syscalls.o
 .group         0x0000000000000000        0xc Src/syscalls.o
 .group         0x0000000000000000        0xc Src/syscalls.o
 .group         0x0000000000000000        0xc Src/syscalls.o
 .group         0x0000000000000000        0xc Src/syscalls.o
 .group         0x0000000000000000        0xc Src/syscalls.o
 .group         0x0000000000000000        0xc Src/syscalls.o
 .group         0x0000000000000000        0xc Src/syscalls.o
 .group         0x0000000000000000        0xc Src/syscalls.o
 .group         0x0000000000000000        0xc Src/syscalls.o
 .group         0x0000000000000000        0xc Src/syscalls.o
 .group         0x0000000000000000        0xc Src/syscalls.o
 .group         0x0000000000000000        0xc Src/syscalls.o
 .group         0x0000000000000000        0xc Src/syscalls.o
 .group         0x0000000000000000        0xc Src/syscalls.o
 .group         0x0000000000000000        0xc Src/syscalls.o
 .group         0x0000000000000000        0xc Src/syscalls.o
 .group         0x0000000000000000        0xc Src/syscalls.o
 .group         0x0000000000000000        0xc Src/syscalls.o
 .group         0x0000000000000000        0xc Src/syscalls.o
 .group         0x0000000000000000        0xc Src/syscalls.o
 .group         0x0000000000000000        0xc Src/syscalls.o
 .group         0x0000000000000000        0xc Src/syscalls.o
 .group         0x0000000000000000        0xc Src/syscalls.o
 .group         0x0000000000000000        0xc Src/syscalls.o
 .group         0x0000000000000000        0xc Src/syscalls.o
 .group         0x0000000000000000        0xc Src/syscalls.o
 .group         0x0000000000000000        0xc Src/syscalls.o
 .group         0x0000000000000000        0xc Src/syscalls.o
 .text          0x0000000000000000        0x0 Src/syscalls.o
 .data          0x0000000000000000        0x0 Src/syscalls.o
 .bss           0x0000000000000000        0x0 Src/syscalls.o
 .bss.__env     0x0000000000000000        0x4 Src/syscalls.o
 .data.environ  0x0000000000000000        0x4 Src/syscalls.o
 .text.initialise_monitor_handles
                0x0000000000000000        0xc Src/syscalls.o
 .text._getpid  0x0000000000000000        0xe Src/syscalls.o
 .text._kill    0x0000000000000000       0x20 Src/syscalls.o
 .text._exit    0x0000000000000000       0x14 Src/syscalls.o
 .text._read    0x0000000000000000       0x3a Src/syscalls.o
 .text._write   0x0000000000000000       0x38 Src/syscalls.o
 .text._close   0x0000000000000000       0x16 Src/syscalls.o
 .text._fstat   0x0000000000000000       0x1e Src/syscalls.o
 .text._isatty  0x0000000000000000       0x14 Src/syscalls.o
 .text._lseek   0x0000000000000000       0x18 Src/syscalls.o
 .text._open    0x0000000000000000       0x1a Src/syscalls.o
 .text._wait    0x0000000000000000       0x1e Src/syscalls.o
 .text._unlink  0x0000000000000000       0x1e Src/syscalls.o
 .text._times   0x0000000000000000       0x16 Src/syscalls.o
 .text._stat    0x0000000000000000       0x1e Src/syscalls.o
 .text._link    0x0000000000000000       0x20 Src/syscalls.o
 .text._fork    0x0000000000000000       0x16 Src/syscalls.o
 .text._execve  0x0000000000000000       0x22 Src/syscalls.o
 .debug_info    0x0000000000000000     0x1038 Src/syscalls.o
 .debug_abbrev  0x0000000000000000      0x254 Src/syscalls.o
 .debug_loc     0x0000000000000000      0x5b8 Src/syscalls.o
 .debug_aranges
                0x0000000000000000       0xa8 Src/syscalls.o
 .debug_ranges  0x0000000000000000       0x98 Src/syscalls.o
 .debug_macro   0x0000000000000000      0x243 Src/syscalls.o
 .debug_macro   0x0000000000000000      0xa60 Src/syscalls.o
 .debug_macro   0x0000000000000000       0x22 Src/syscalls.o
 .debug_macro   0x0000000000000000       0x40 Src/syscalls.o
 .debug_macro   0x0000000000000000       0x18 Src/syscalls.o
 .debug_macro   0x0000000000000000       0x94 Src/syscalls.o
 .debug_macro   0x0000000000000000       0x3c Src/syscalls.o
 .debug_macro   0x0000000000000000       0x34 Src/syscalls.o
 .debug_macro   0x0000000000000000       0x57 Src/syscalls.o
 .debug_macro   0x0000000000000000      0x174 Src/syscalls.o
 .debug_macro   0x0000000000000000      0x330 Src/syscalls.o
 .debug_macro   0x0000000000000000       0x52 Src/syscalls.o
 .debug_macro   0x0000000000000000       0x1f Src/syscalls.o
 .debug_macro   0x0000000000000000       0x43 Src/syscalls.o
 .debug_macro   0x0000000000000000       0x20 Src/syscalls.o
 .debug_macro   0x0000000000000000      0x1a3 Src/syscalls.o
 .debug_macro   0x0000000000000000       0x10 Src/syscalls.o
 .debug_macro   0x0000000000000000       0x35 Src/syscalls.o
 .debug_macro   0x0000000000000000       0x10 Src/syscalls.o
 .debug_macro   0x0000000000000000       0x10 Src/syscalls.o
 .debug_macro   0x0000000000000000       0x10 Src/syscalls.o
 .debug_macro   0x0000000000000000       0x6a Src/syscalls.o
 .debug_macro   0x0000000000000000       0x1c Src/syscalls.o
 .debug_macro   0x0000000000000000       0x52 Src/syscalls.o
 .debug_macro   0x0000000000000000       0x40 Src/syscalls.o
 .debug_macro   0x0000000000000000       0x10 Src/syscalls.o
 .debug_macro   0x0000000000000000       0x40 Src/syscalls.o
 .debug_macro   0x0000000000000000       0xd7 Src/syscalls.o
 .debug_macro   0x0000000000000000       0x1c Src/syscalls.o
 .debug_macro   0x0000000000000000       0x3d Src/syscalls.o
 .debug_macro   0x0000000000000000       0x35 Src/syscalls.o
 .debug_macro   0x0000000000000000      0x122 Src/syscalls.o
 .debug_macro   0x0000000000000000       0x16 Src/syscalls.o
 .debug_macro   0x0000000000000000       0x16 Src/syscalls.o
 .debug_macro   0x0000000000000000       0x29 Src/syscalls.o
 .debug_macro   0x0000000000000000       0x10 Src/syscalls.o
 .debug_macro   0x0000000000000000      0x241 Src/syscalls.o
 .debug_macro   0x0000000000000000       0x1c Src/syscalls.o
 .debug_macro   0x0000000000000000       0x10 Src/syscalls.o
 .debug_macro   0x0000000000000000       0x10 Src/syscalls.o
 .debug_macro   0x0000000000000000       0x16 Src/syscalls.o
 .debug_macro   0x0000000000000000      0x145 Src/syscalls.o
 .debug_macro   0x0000000000000000      0x189 Src/syscalls.o
 .debug_macro   0x0000000000000000       0x16 Src/syscalls.o
 .debug_macro   0x0000000000000000       0x88 Src/syscalls.o
 .debug_line    0x0000000000000000      0x739 Src/syscalls.o
 .debug_str     0x0000000000000000     0x888b Src/syscalls.o
 .comment       0x0000000000000000       0x7c Src/syscalls.o
 .debug_frame   0x0000000000000000      0x2ac Src/syscalls.o
 .ARM.attributes
                0x0000000000000000       0x33 Src/syscalls.o
 .group         0x0000000000000000        0xc Src/sysmem.o
 .group         0x0000000000000000        0xc Src/sysmem.o
 .group         0x0000000000000000        0xc Src/sysmem.o
 .group         0x0000000000000000        0xc Src/sysmem.o
 .group         0x0000000000000000        0xc Src/sysmem.o
 .group         0x0000000000000000        0xc Src/sysmem.o
 .group         0x0000000000000000        0xc Src/sysmem.o
 .group         0x0000000000000000        0xc Src/sysmem.o
 .group         0x0000000000000000        0xc Src/sysmem.o
 .group         0x0000000000000000        0xc Src/sysmem.o
 .group         0x0000000000000000        0xc Src/sysmem.o
 .group         0x0000000000000000        0xc Src/sysmem.o
 .group         0x0000000000000000        0xc Src/sysmem.o
 .group         0x0000000000000000        0xc Src/sysmem.o
 .group         0x0000000000000000        0xc Src/sysmem.o
 .group         0x0000000000000000        0xc Src/sysmem.o
 .group         0x0000000000000000        0xc Src/sysmem.o
 .group         0x0000000000000000        0xc Src/sysmem.o
 .group         0x0000000000000000        0xc Src/sysmem.o
 .text          0x0000000000000000        0x0 Src/sysmem.o
 .data          0x0000000000000000        0x0 Src/sysmem.o
 .bss           0x0000000000000000        0x0 Src/sysmem.o
 .bss.__sbrk_heap_end
                0x0000000000000000        0x4 Src/sysmem.o
 .text._sbrk    0x0000000000000000       0x6c Src/sysmem.o
 .debug_info    0x0000000000000000      0xa7c Src/sysmem.o
 .debug_abbrev  0x0000000000000000      0x18e Src/sysmem.o
 .debug_loc     0x0000000000000000       0x50 Src/sysmem.o
 .debug_aranges
                0x0000000000000000       0x20 Src/sysmem.o
 .debug_ranges  0x0000000000000000       0x10 Src/sysmem.o
 .debug_macro   0x0000000000000000       0xee Src/sysmem.o
 .debug_macro   0x0000000000000000      0xa60 Src/sysmem.o
 .debug_macro   0x0000000000000000       0x10 Src/sysmem.o
 .debug_macro   0x0000000000000000       0x22 Src/sysmem.o
 .debug_macro   0x0000000000000000       0x40 Src/sysmem.o
 .debug_macro   0x0000000000000000       0x18 Src/sysmem.o
 .debug_macro   0x0000000000000000       0x94 Src/sysmem.o
 .debug_macro   0x0000000000000000       0x3c Src/sysmem.o
 .debug_macro   0x0000000000000000       0x34 Src/sysmem.o
 .debug_macro   0x0000000000000000      0x174 Src/sysmem.o
 .debug_macro   0x0000000000000000       0x57 Src/sysmem.o
 .debug_macro   0x0000000000000000       0x52 Src/sysmem.o
 .debug_macro   0x0000000000000000       0x1f Src/sysmem.o
 .debug_macro   0x0000000000000000       0x43 Src/sysmem.o
 .debug_macro   0x0000000000000000       0x20 Src/sysmem.o
 .debug_macro   0x0000000000000000      0x1a3 Src/sysmem.o
 .debug_macro   0x0000000000000000      0x23b Src/sysmem.o
 .debug_macro   0x0000000000000000       0xef Src/sysmem.o
 .debug_macro   0x0000000000000000       0x6a Src/sysmem.o
 .debug_macro   0x0000000000000000      0x1df Src/sysmem.o
 .debug_line    0x0000000000000000      0x4c2 Src/sysmem.o
 .debug_str     0x0000000000000000     0x5f59 Src/sysmem.o
 .comment       0x0000000000000000       0x7c Src/sysmem.o
 .debug_frame   0x0000000000000000       0x34 Src/sysmem.o
 .ARM.attributes
                0x0000000000000000       0x33 Src/sysmem.o
 .text          0x0000000000000000       0x14 Startup/startup_stm32f103c6tx.o
 .data          0x0000000000000000        0x0 Startup/startup_stm32f103c6tx.o
 .bss           0x0000000000000000        0x0 Startup/startup_stm32f103c6tx.o
 .text          0x0000000000000000        0x0 c:/st/stm32cubeide_1.4.0/stm32cubeide/plugins/com.st.stm32cube.ide.mcu.externaltools.gnu-tools-for-stm32.7-2018-q2-update.win32_1.4.0.202007081208/tools/bin/../lib/gcc/arm-none-eabi/7.3.1/../../../../arm-none-eabi/lib/thumb/v7-m\libc_nano.a(lib_a-errno.o)
 .data          0x0000000000000000        0x0 c:/st/stm32cubeide_1.4.0/stm32cubeide/plugins/com.st.stm32cube.ide.mcu.externaltools.gnu-tools-for-stm32.7-2018-q2-update.win32_1.4.0.202007081208/tools/bin/../lib/gcc/arm-none-eabi/7.3.1/../../../../arm-none-eabi/lib/thumb/v7-m\libc_nano.a(lib_a-errno.o)
 .bss           0x0000000000000000        0x0 c:/st/stm32cubeide_1.4.0/stm32cubeide/plugins/com.st.stm32cube.ide.mcu.externaltools.gnu-tools-for-stm32.7-2018-q2-update.win32_1.4.0.202007081208/tools/bin/../lib/gcc/arm-none-eabi/7.3.1/../../../../arm-none-eabi/lib/thumb/v7-m\libc_nano.a(lib_a-errno.o)
 .text.__errno  0x0000000000000000        0xc c:/st/stm32cubeide_1.4.0/stm32cubeide/plugins/com.st.stm32cube.ide.mcu.externaltools.gnu-tools-for-stm32.7-2018-q2-update.win32_1.4.0.202007081208/tools/bin/../lib/gcc/arm-none-eabi/7.3.1/../../../../arm-none-eabi/lib/thumb/v7-m\libc_nano.a(lib_a-errno.o)
 .debug_frame   0x0000000000000000       0x20 c:/st/stm32cubeide_1.4.0/stm32cubeide/plugins/com.st.stm32cube.ide.mcu.externaltools.gnu-tools-for-stm32.7-2018-q2-update.win32_1.4.0.202007081208/tools/bin/../lib/gcc/arm-none-eabi/7.3.1/../../../../arm-none-eabi/lib/thumb/v7-m\libc_nano.a(lib_a-errno.o)
 .ARM.attributes
                0x0000000000000000       0x2d c:/st/stm32cubeide_1.4.0/stm32cubeide/plugins/com.st.stm32cube.ide.mcu.externaltools.gnu-tools-for-stm32.7-2018-q2-update.win32_1.4.0.202007081208/tools/bin/../lib/gcc/arm-none-eabi/7.3.1/../../../../arm-none-eabi/lib/thumb/v7-m\libc_nano.a(lib_a-errno.o)
 .text          0x0000000000000000        0x0 c:/st/stm32cubeide_1.4.0/stm32cubeide/plugins/com.st.stm32cube.ide.mcu.externaltools.gnu-tools-for-stm32.7-2018-q2-update.win32_1.4.0.202007081208/tools/bin/../lib/gcc/arm-none-eabi/7.3.1/../../../../arm-none-eabi/lib/thumb/v7-m\libc_nano.a(lib_a-exit.o)
 .data          0x0000000000000000        0x0 c:/st/stm32cubeide_1.4.0/stm32cubeide/plugins/com.st.stm32cube.ide.mcu.externaltools.gnu-tools-for-stm32.7-2018-q2-update.win32_1.4.0.202007081208/tools/bin/../lib/gcc/arm-none-eabi/7.3.1/../../../../arm-none-eabi/lib/thumb/v7-m\libc_nano.a(lib_a-exit.o)
 .bss           0x0000000000000000        0x0 c:/st/stm32cubeide_1.4.0/stm32cubeide/plugins/com.st.stm32cube.ide.mcu.externaltools.gnu-tools-for-stm32.7-2018-q2-update.win32_1.4.0.202007081208/tools/bin/../lib/gcc/arm-none-eabi/7.3.1/../../../../arm-none-eabi/lib/thumb/v7-m\libc_nano.a(lib_a-exit.o)
 .text.exit     0x0000000000000000       0x28 c:/st/stm32cubeide_1.4.0/stm32cubeide/plugins/com.st.stm32cube.ide.mcu.externaltools.gnu-tools-for-stm32.7-2018-q2-update.win32_1.4.0.202007081208/tools/bin/../lib/gcc/arm-none-eabi/7.3.1/../../../../arm-none-eabi/lib/thumb/v7-m\libc_nano.a(lib_a-exit.o)
 .debug_frame   0x0000000000000000       0x28 c:/st/stm32cubeide_1.4.0/stm32cubeide/plugins/com.st.stm32cube.ide.mcu.externaltools.gnu-tools-for-stm32.7-2018-q2-update.win32_1.4.0.202007081208/tools/bin/../lib/gcc/arm-none-eabi/7.3.1/../../../../arm-none-eabi/lib/thumb/v7-m\libc_nano.a(lib_a-exit.o)
 .ARM.attributes
                0x0000000000000000       0x2d c:/st/stm32cubeide_1.4.0/stm32cubeide/plugins/com.st.stm32cube.ide.mcu.externaltools.gnu-tools-for-stm32.7-2018-q2-update.win32_1.4.0.202007081208/tools/bin/../lib/gcc/arm-none-eabi/7.3.1/../../../../arm-none-eabi/lib/thumb/v7-m\libc_nano.a(lib_a-exit.o)
 .text          0x0000000000000000        0x0 c:/st/stm32cubeide_1.4.0/stm32cubeide/plugins/com.st.stm32cube.ide.mcu.externaltools.gnu-tools-for-stm32.7-2018-q2-update.win32_1.4.0.202007081208/tools/bin/../lib/gcc/arm-none-eabi/7.3.1/../../../../arm-none-eabi/lib/thumb/v7-m\libc_nano.a(lib_a-impure.o)
 .data          0x0000000000000000        0x0 c:/st/stm32cubeide_1.4.0/stm32cubeide/plugins/com.st.stm32cube.ide.mcu.externaltools.gnu-tools-for-stm32.7-2018-q2-update.win32_1.4.0.202007081208/tools/bin/../lib/gcc/arm-none-eabi/7.3.1/../../../../arm-none-eabi/lib/thumb/v7-m\libc_nano.a(lib_a-impure.o)
 .bss           0x0000000000000000        0x0 c:/st/stm32cubeide_1.4.0/stm32cubeide/plugins/com.st.stm32cube.ide.mcu.externaltools.gnu-tools-for-stm32.7-2018-q2-update.win32_1.4.0.202007081208/tools/bin/../lib/gcc/arm-none-eabi/7.3.1/../../../../arm-none-eabi/lib/thumb/v7-m\libc_nano.a(lib_a-impure.o)
 .data._impure_ptr
                0x0000000000000000        0x4 c:/st/stm32cubeide_1.4.0/stm32cubeide/plugins/com.st.stm32cube.ide.mcu.externaltools.gnu-tools-for-stm32.7-2018-q2-update.win32_1.4.0.202007081208/tools/bin/../lib/gcc/arm-none-eabi/7.3.1/../../../../arm-none-eabi/lib/thumb/v7-m\libc_nano.a(lib_a-impure.o)
 .data.impure_data
                0x0000000000000000       0x60 c:/st/stm32cubeide_1.4.0/stm32cubeide/plugins/com.st.stm32cube.ide.mcu.externaltools.gnu-tools-for-stm32.7-2018-q2-update.win32_1.4.0.202007081208/tools/bin/../lib/gcc/arm-none-eabi/7.3.1/../../../../arm-none-eabi/lib/thumb/v7-m\libc_nano.a(lib_a-impure.o)
 .rodata._global_impure_ptr
                0x0000000000000000        0x4 c:/st/stm32cubeide_1.4.0/stm32cubeide/plugins/com.st.stm32cube.ide.mcu.externaltools.gnu-tools-for-stm32.7-2018-q2-update.win32_1.4.0.202007081208/tools/bin/../lib/gcc/arm-none-eabi/7.3.1/../../../../arm-none-eabi/lib/thumb/v7-m\libc_nano.a(lib_a-impure.o)
 .ARM.attributes
                0x0000000000000000       0x2d c:/st/stm32cubeide_1.4.0/stm32cubeide/plugins/com.st.stm32cube.ide.mcu.externaltools.gnu-tools-for-stm32.7-2018-q2-update.win32_1.4.0.202007081208/tools/bin/../lib/gcc/arm-none-eabi/7.3.1/../../../../arm-none-eabi/lib/thumb/v7-m\libc_nano.a(lib_a-impure.o)
 .text          0x0000000000000000        0x0 c:/st/stm32cubeide_1.4.0/stm32cubeide/plugins/com.st.stm32cube.ide.mcu.externaltools.gnu-tools-for-stm32.7-2018-q2-update.win32_1.4.0.202007081208/tools/bin/../lib/gcc/arm-none-eabi/7.3.1/../../../../arm-none-eabi/lib/thumb/v7-m\libc_nano.a(lib_a-init.o)
 .data          0x0000000000000000        0x0 c:/st/stm32cubeide_1.4.0/stm32cubeide/plugins/com.st.stm32cube.ide.mcu.externaltools.gnu-tools-for-stm32.7-2018-q2-update.win32_1.4.0.202007081208/tools/bin/../lib/gcc/arm-none-eabi/7.3.1/../../../../arm-none-eabi/lib/thumb/v7-m\libc_nano.a(lib_a-init.o)
 .bss           0x0000000000000000        0x0 c:/st/stm32cubeide_1.4.0/stm32cubeide/plugins/com.st.stm32cube.ide.mcu.externaltools.gnu-tools-for-stm32.7-2018-q2-update.win32_1.4.0.202007081208/tools/bin/../lib/gcc/arm-none-eabi/7.3.1/../../../../arm-none-eabi/lib/thumb/v7-m\libc_nano.a(lib_a-init.o)
 .text          0x0000000000000000        0x0 c:/st/stm32cubeide_1.4.0/stm32cubeide/plugins/com.st.stm32cube.ide.mcu.externaltools.gnu-tools-for-stm32.7-2018-q2-update.win32_1.4.0.202007081208/tools/bin/../lib/gcc/arm-none-eabi/7.3.1/../../../../arm-none-eabi/lib/thumb/v7-m\libc_nano.a(lib_a-memset.o)
 .data          0x0000000000000000        0x0 c:/st/stm32cubeide_1.4.0/stm32cubeide/plugins/com.st.stm32cube.ide.mcu.externaltools.gnu-tools-for-stm32.7-2018-q2-update.win32_1.4.0.202007081208/tools/bin/../lib/gcc/arm-none-eabi/7.3.1/../../../../arm-none-eabi/lib/thumb/v7-m\libc_nano.a(lib_a-memset.o)
 .bss           0x0000000000000000        0x0 c:/st/stm32cubeide_1.4.0/stm32cubeide/plugins/com.st.stm32cube.ide.mcu.externaltools.gnu-tools-for-stm32.7-2018-q2-update.win32_1.4.0.202007081208/tools/bin/../lib/gcc/arm-none-eabi/7.3.1/../../../../arm-none-eabi/lib/thumb/v7-m\libc_nano.a(lib_a-memset.o)
 .text.memset   0x0000000000000000       0x10 c:/st/stm32cubeide_1.4.0/stm32cubeide/plugins/com.st.stm32cube.ide.mcu.externaltools.gnu-tools-for-stm32.7-2018-q2-update.win32_1.4.0.202007081208/tools/bin/../lib/gcc/arm-none-eabi/7.3.1/../../../../arm-none-eabi/lib/thumb/v7-m\libc_nano.a(lib_a-memset.o)
 .debug_frame   0x0000000000000000       0x20 c:/st/stm32cubeide_1.4.0/stm32cubeide/plugins/com.st.stm32cube.ide.mcu.externaltools.gnu-tools-for-stm32.7-2018-q2-update.win32_1.4.0.202007081208/tools/bin/../lib/gcc/arm-none-eabi/7.3.1/../../../../arm-none-eabi/lib/thumb/v7-m\libc_nano.a(lib_a-memset.o)
 .ARM.attributes
                0x0000000000000000       0x2d c:/st/stm32cubeide_1.4.0/stm32cubeide/plugins/com.st.stm32cube.ide.mcu.externaltools.gnu-tools-for-stm32.7-2018-q2-update.win32_1.4.0.202007081208/tools/bin/../lib/gcc/arm-none-eabi/7.3.1/../../../../arm-none-eabi/lib/thumb/v7-m\libc_nano.a(lib_a-memset.o)
 .text          0x0000000000000000        0x0 c:/st/stm32cubeide_1.4.0/stm32cubeide/plugins/com.st.stm32cube.ide.mcu.externaltools.gnu-tools-for-stm32.7-2018-q2-update.win32_1.4.0.202007081208/tools/bin/../lib/gcc/arm-none-eabi/7.3.1/thumb/v7-m/crtend.o
 .data          0x0000000000000000        0x0 c:/st/stm32cubeide_1.4.0/stm32cubeide/plugins/com.st.stm32cube.ide.mcu.externaltools.gnu-tools-for-stm32.7-2018-q2-update.win32_1.4.0.202007081208/tools/bin/../lib/gcc/arm-none-eabi/7.3.1/thumb/v7-m/crtend.o
 .bss           0x0000000000000000        0x0 c:/st/stm32cubeide_1.4.0/stm32cubeide/plugins/com.st.stm32cube.ide.mcu.externaltools.gnu-tools-for-stm32.7-2018-q2-update.win32_1.4.0.202007081208/tools/bin/../lib/gcc/arm-none-eabi/7.3.1/thumb/v7-m/crtend.o
 .eh_frame      0x0000000000000000        0x4 c:/st/stm32cubeide_1.4.0/stm32cubeide/plugins/com.st.stm32cube.ide.mcu.externaltools.gnu-tools-for-stm32.7-2018-q2-update.win32_1.4.0.202007081208/tools/bin/../lib/gcc/arm-none-eabi/7.3.1/thumb/v7-m/crtend.o
 .ARM.attributes
                0x0000000000000000       0x2d c:/st/stm32cubeide_1.4.0/stm32cubeide/plugins/com.st.stm32cube.ide.mcu.externaltools.gnu-tools-for-stm32.7-2018-q2-update.win32_1.4.0.202007081208/tools/bin/../lib/gcc/arm-none-eabi/7.3.1/thumb/v7-m/crtend.o
 .text          0x0000000000000000        0x0 c:/st/stm32cubeide_1.4.0/stm32cubeide/plugins/com.st.stm32cube.ide.mcu.externaltools.gnu-tools-for-stm32.7-2018-q2-update.win32_1.4.0.202007081208/tools/bin/../lib/gcc/arm-none-eabi/7.3.1/thumb/v7-m/crtn.o
 .data          0x0000000000000000        0x0 c:/st/stm32cubeide_1.4.0/stm32cubeide/plugins/com.st.stm32cube.ide.mcu.externaltools.gnu-tools-for-stm32.7-2018-q2-update.win32_1.4.0.202007081208/tools/bin/../lib/gcc/arm-none-eabi/7.3.1/thumb/v7-m/crtn.o
 .bss           0x0000000000000000        0x0 c:/st/stm32cubeide_1.4.0/stm32cubeide/plugins/com.st.stm32cube.ide.mcu.externaltools.gnu-tools-for-stm32.7-2018-q2-update.win32_1.4.0.202007081208/tools/bin/../lib/gcc/arm-none-eabi/7.3.1/thumb/v7-m/crtn.o

Memory Configuration

Name             Origin             Length             Attributes
RAM              0x0000000020000000 0x0000000000002800 xrw
ROM              0x0000000008000000 0x0000000000008000 xr
*default*        0x0000000000000000 0xffffffffffffffff

Linker script and memory map

LOAD c:/st/stm32cubeide_1.4.0/stm32cubeide/plugins/com.st.stm32cube.ide.mcu.externaltools.gnu-tools-for-stm32.7-2018-q2-update.win32_1.4.0.202007081208/tools/bin/../lib/gcc/arm-none-eabi/7.3.1/thumb/v7-m/crti.o
LOAD c:/st/stm32cubeide_1.4.0/stm32cubeide/plugins/com.st.stm32cube.ide.mcu.externaltools.gnu-tools-for-stm32.7-2018-q2-update.win32_1.4.0.202007081208/tools/bin/../lib/gcc/arm-none-eabi/7.3.1/thumb/v7-m/crtbegin.o
LOAD c:/st/stm32cubeide_1.4.0/stm32cubeide/plugins/com.st.stm32cube.ide.mcu.externaltools.gnu-tools-for-stm32.7-2018-q2-update.win32_1.4.0.202007081208/tools/bin/../lib/gcc/arm-none-eabi/7.3.1/../../../../arm-none-eabi/lib/thumb/v7-m/crt0.o
LOAD Drivers/MCAL/EXTI/STM32F103x6_EXTI_driver.o
LOAD Drivers/MCAL/GPIO/STM32F103x6_GPIO_driver.o
LOAD Drivers/MCAL/NVIC/STM32F103x6_NVIC_driver.o
LOAD Drivers/MCAL/RCC/STM32F103x6_RCC_driver.o
LOAD Src/main.o
LOAD Src/syscalls.o
LOAD Src/sysmem.o
LOAD Startup/startup_stm32f103c6tx.o
START GROUP
LOAD c:/st/stm32cubeide_1.4.0/stm32cubeide/plugins/com.st.stm32cube.ide.mcu.externaltools.gnu-tools-for-stm32.7-2018-q2-update.win32_1.4.0.202007081208/tools/bin/../lib/gcc/arm-none-eabi/7.3.1/../../../../arm-none-eabi/lib/thumb/v7-m\libc_nano.a
LOAD c:/st/stm32cubeide_1.4.0/stm32cubeide/plugins/com.st.stm32cube.ide.mcu.externaltools.gnu-tools-for-stm32.7-2018-q2-update.win32_1.4.0.202007081208/tools/bin/../lib/gcc/arm-none-eabi/7.3.1/../../../../arm-none-eabi/lib/thumb/v7-m\libm.a
END GROUP
START GROUP
LOAD c:/st/stm32cubeide_1.4.0/stm32cubeide/plugins/com.st.stm32cube.ide.mcu.externaltools.gnu-tools-for-stm32.7-2018-q2-update.win32_1.4.0.202007081208/tools/bin/../lib/gcc/arm-none-eabi/7.3.1/thumb/v7-m\libgcc.a
LOAD c:/st/stm32cubeide_1.4.0/stm32cubeide/plugins/com.st.stm32cube.ide.mcu.externaltools.gnu-tools-for-stm32.7-2018-q2-update.win32_1.4.0.202007081208/tools/bin/../lib/gcc/arm-none-eabi/7.3.1/../../../../arm-none-eabi/lib/thumb/v7-m\libg_nano.a
LOAD c:/st/stm32cubeide_1.4.0/stm32cubeide/plugins/com.st.stm32cube.ide.mcu.externaltools.gnu-tools-for-stm32.7-2018-q2-update.win32_1.4.0.202007081208/tools/bin/../lib/gcc/arm-none-eabi/7.3.1/../../../../arm-none-eabi/lib/thumb/v7-m\libc_nano.a
END GROUP
START GROUP
LOAD c:/st/stm32cubeide_1.4.0/stm32cubeide/plugins/com.st.stm32cube.ide.mcu.externaltools.gnu-tools-for-stm32.7-2018-q2-update.win32_1.4.0.202007081208/tools/bin/../lib/gcc/arm-none-eabi/7.3.1/thumb/v7-m\libgcc.a
LOAD c:/st/stm32cubeide_1.4.0/stm32cubeide/plugins/com.st.stm32cube.ide.mcu.externaltools.gnu-tools-for-stm32.7-2018-q2-update.win32_1.4.0.202007081208/tools/bin/../lib/gcc/arm-none-eabi/7.3.1/../../../../arm-none-eabi/lib/thumb/v7-m\libc_nano.a
LOAD c:/st/stm32cubeide_1.4.0/stm32cubeide/plugins/com.st.stm32cube.ide.mcu.externaltools.gnu-tools-for-stm32.7-2018-q2-update.win32_1.4.0.202007081208/tools/bin/../lib/gcc/arm-none-eabi/7.3.1/../../../../arm-none-eabi/lib/thumb/v7-m\libnosys.a
END GROUP
START GROUP
LOAD c:/st/stm32cubeide_1.4.0/stm32cubeide/plugins/com.st.stm32cube.ide.mcu.externaltools.gnu-tools-for-stm32.7-2018-q2-update.win32_1.4.0.202007081208/tools/bin/../lib/gcc/arm-none-eabi/7.3.1/thumb/v7-m\libgcc.a
LOAD c:/st/stm32cubeide_1.4.0/stm32cubeide/plugins/com.st.stm32cube.ide.mcu.externaltools.gnu-tools-for-stm32.7-2018-q2-update.win32_1.4.0.202007081208/tools/bin/../lib/gcc/arm-none-eabi/7.3.1/../../../../arm-none-eabi/lib/thumb/v7-m\libc_nano.a
LOAD c:/st/stm32cubeide_1.4.0/stm32cubeide/plugins/com.st.stm32cube.ide.mcu.externaltools.gnu-tools-for-stm32.7-2018-q2-update.win32_1.4.0.202007081208/tools/bin/../lib/gcc/arm-none-eabi/7.3.1/../../../../arm-none-eabi/lib/thumb/v7-m\libnosys.a
END GROUP
LOAD c:/st/stm32cubeide_1.4.0/stm32cubeide/plugins/com.st.stm32cube.ide.mcu.externaltools.gnu-tools-for-stm32.7-2018-q2-update.win32_1.4.0.202007081208/tools/bin/../lib/gcc/arm-none-eabi/7.3.1/thumb/v7-m/crtend.o
LOAD c:/st/stm32cubeide_1.4.0/stm32cubeide/plugins/com.st.stm32cube.ide.mcu.externaltools.gnu-tools-for-stm32.7-2018-q2-update.win32_1.4.0.202007081208/tools/bin/../lib/gcc/arm-none-eabi/7.3.1/thumb/v7-m/crtn.o
                0x0000000020002800                _estack = (ORIGIN (RAM) + LENGTH (RAM))
                0x0000000000000200                _Min_Heap_Size = 0x200
                0x0000000000000400                _Min_Stack_Size = 0x400

.isr_vector     0x0000000008000000      0x130
                0x0000000008000000                . = ALIGN (0x4)
 *(.isr_vector)
 .isr_vector    0x0000000008000000      0x130 Startup/startup_stm32f103c6tx.o
                0x0000000008000000                g_pfnVectors
                0x0000000008000130                . = ALIGN (0x4)

.text           0x0000000008000130      0xa28
                0x0000000008000130                . = ALIGN (0x4)
 *(.text)
 .text          0x0000000008000130       0x40 c:/st/stm32cubeide_1.4.0/stm32cubeide/plugins/com.st.stm32cube.ide.mcu.externaltools.gnu-tools-for-stm32.7-2018-q2-update.win32_1.4.0.202007081208/tools/bin/../lib/gcc/arm-none-eabi/7.3.1/thumb/v7-m/crtbegin.o
 *(.text*)
 .text.MCAL_EXTI_GPIO_Init
                0x0000000008000170       0x16 Drivers/MCAL/EXTI/STM32F103x6_EXTI_driver.o
                0x0000000008000170                MCAL_EXTI_GPIO_Init
 *fill*         0x0000000008000186        0x2 
 .text.EXTI_initUpdate
                0x0000000008000188      0x1dc Drivers/MCAL/EXTI/STM32F103x6_EXTI_driver.o
 .text.NVIC_enable
                0x0000000008000364      0x118 Drivers/MCAL/EXTI/STM32F103x6_EXTI_driver.o
 .text.NVIC_disable
                0x000000000800047c      0x11c Drivers/MCAL/EXTI/STM32F103x6_EXTI_driver.o
 .text.EXTI0_IRQHandler
                0x0000000008000598       0x24 Drivers/MCAL/EXTI/STM32F103x6_EXTI_driver.o
                0x0000000008000598                EXTI0_IRQHandler
 .text.EXTI1_IRQHandler
                0x00000000080005bc       0x24 Drivers/MCAL/EXTI/STM32F103x6_EXTI_driver.o
                0x00000000080005bc                EXTI1_IRQHandler
 .text.EXTI2_IRQHandler
                0x00000000080005e0       0x24 Drivers/MCAL/EXTI/STM32F103x6_EXTI_driver.o
                0x00000000080005e0                EXTI2_IRQHandler
 .text.EXTI3_IRQHandler
                0x0000000008000604       0x24 Drivers/MCAL/EXTI/STM32F103x6_EXTI_driver.o
                0x0000000008000604                EXTI3_IRQHandler
 .text.EXTI4_IRQHandler
                0x0000000008000628       0x24 Drivers/MCAL/EXTI/STM32F103x6_EXTI_driver.o
                0x0000000008000628                EXTI4_IRQHandler
 .text.EXTI9_5_IRQHandler
                0x000000000800064c       0xc4 Drivers/MCAL/EXTI/STM32F103x6_EXTI_driver.o
                0x000000000800064c                EXTI9_5_IRQHandler
 .text.EXTI15_10_IRQHandler
                0x0000000008000710       0xe8 Drivers/MCAL/EXTI/STM32F103x6_EXTI_driver.o
                0x0000000008000710                EXTI15_10_IRQHandler
 .text.MCAL_GPIO_Init
                0x00000000080007f8      0x100 Drivers/MCAL/GPIO/STM32F103x6_GPIO_driver.o
                0x00000000080007f8                MCAL_GPIO_Init
 .text.MCAL_GPIO_TogglePin
                0x00000000080008f8       0x28 Drivers/MCAL/GPIO/STM32F103x6_GPIO_driver.o
                0x00000000080008f8                MCAL_GPIO_TogglePin
 .text.GET_PIN_POSITION
                0x0000000008000920       0x88 Drivers/MCAL/GPIO/STM32F103x6_GPIO_driver.o
 .text.delay    0x00000000080009a8       0x3a Src/main.o
                0x00000000080009a8                delay
 *fill*         0x00000000080009e2        0x2 
 .text.MyISR    0x00000000080009e4       0x1c Src/main.o
                0x00000000080009e4                MyISR
 .text.GPIO_init
                0x0000000008000a00       0x28 Src/main.o
                0x0000000008000a00                GPIO_init
 .text.RCC_init
                0x0000000008000a28       0x34 Src/main.o
                0x0000000008000a28                RCC_init
 .text.EXTI_init
                0x0000000008000a5c       0x34 Src/main.o
                0x0000000008000a5c                EXTI_init
 .text.main     0x0000000008000a90       0x12 Src/main.o
                0x0000000008000a90                main
 *fill*         0x0000000008000aa2        0x2 
 .text.Reset_Handler
                0x0000000008000aa4       0x50 Startup/startup_stm32f103c6tx.o
                0x0000000008000aa4                Reset_Handler
 .text.Default_Handler
                0x0000000008000af4        0x2 Startup/startup_stm32f103c6tx.o
                0x0000000008000af4                TIM8_TRG_COM_IRQHandler
                0x0000000008000af4                TIM8_CC_IRQHandler
                0x0000000008000af4                DebugMon_Handler
                0x0000000008000af4                TIM1_CC_IRQHandler
                0x0000000008000af4                HardFault_Handler
                0x0000000008000af4                TIM6_IRQHandler
                0x0000000008000af4                SysTick_Handler
                0x0000000008000af4                PVD_IRQHandler
                0x0000000008000af4                SDIO_IRQHandler
                0x0000000008000af4                PendSV_Handler
                0x0000000008000af4                NMI_Handler
                0x0000000008000af4                USB_HP_CAN_TX_IRQHandler
                0x0000000008000af4                I2C2_EV_IRQHandler
                0x0000000008000af4                UsageFault_Handler
                0x0000000008000af4                ADC1_2_IRQHandler
                0x0000000008000af4                SPI1_IRQHandler
                0x0000000008000af4                CAN_SCE_IRQHandler
                0x0000000008000af4                TAMPER_IRQHandler
                0x0000000008000af4                TIM8_UP_IRQHandler
                0x0000000008000af4                DMA2_Channel2_IRQHandler
                0x0000000008000af4                DMA1_Channel4_IRQHandler
                0x0000000008000af4                USART3_IRQHandler
                0x0000000008000af4                RTC_IRQHandler
                0x0000000008000af4                DMA1_Channel7_IRQHandler
                0x0000000008000af4                UART5_IRQHandler
                0x0000000008000af4                ADC3_IRQHandler
                0x0000000008000af4                TIM4_IRQHandler
                0x0000000008000af4                CAN_RX1_IRQHandler
                0x0000000008000af4                DMA2_Channel1_IRQHandler
                0x0000000008000af4                I2C1_EV_IRQHandler
                0x0000000008000af4                DMA1_Channel6_IRQHandler
                0x0000000008000af4                UART4_IRQHandler
                0x0000000008000af4                TIM3_IRQHandler
                0x0000000008000af4                RCC_IRQHandler
                0x0000000008000af4                TIM1_TRG_COM_IRQHandler
                0x0000000008000af4                DMA1_Channel1_IRQHandler
                0x0000000008000af4                Default_Handler
                0x0000000008000af4                TIM7_IRQHandler
                0x0000000008000af4                TIM5_IRQHandler
                0x0000000008000af4                SPI2_IRQHandler
                0x0000000008000af4                USB_LP_CAN_RX0_IRQHandler
                0x0000000008000af4                MemManage_Handler
                0x0000000008000af4                SVC_Handler
                0x0000000008000af4                DMA1_Channel5_IRQHandler
                0x0000000008000af4                DMA1_Channel3_IRQHandler
                0x0000000008000af4                FSMC_IRQHandler
                0x0000000008000af4                TIM1_UP_IRQHandler
                0x0000000008000af4                WWDG_IRQHandler
                0x0000000008000af4                TIM2_IRQHandler
                0x0000000008000af4                TIM1_BRK_IRQHandler
                0x0000000008000af4                RTCAlarm_IRQHandler
                0x0000000008000af4                DMA2_Channel4_5_IRQHandler
                0x0000000008000af4                USART2_IRQHandler
                0x0000000008000af4                I2C2_ER_IRQHandler
                0x0000000008000af4                DMA1_Channel2_IRQHandler
                0x0000000008000af4                TIM8_BRK_IRQHandler
                0x0000000008000af4                FLASH_IRQHandler
                0x0000000008000af4                BusFault_Handler
                0x0000000008000af4                USART1_IRQHandler
                0x0000000008000af4                SPI3_IRQHandler
                0x0000000008000af4                I2C1_ER_IRQHandler
                0x0000000008000af4                DMA2_Channel3_IRQHandler
 *fill*         0x0000000008000af6        0x2 
 .text.__libc_init_array
                0x0000000008000af8       0x48 c:/st/stm32cubeide_1.4.0/stm32cubeide/plugins/com.st.stm32cube.ide.mcu.externaltools.gnu-tools-for-stm32.7-2018-q2-update.win32_1.4.0.202007081208/tools/bin/../lib/gcc/arm-none-eabi/7.3.1/../../../../arm-none-eabi/lib/thumb/v7-m\libc_nano.a(lib_a-init.o)
                0x0000000008000af8                __libc_init_array
 *(.glue_7)
 .glue_7        0x0000000008000b40        0x0 linker stubs
 *(.glue_7t)
 .glue_7t       0x0000000008000b40        0x0 linker stubs
 *(.eh_frame)
 .eh_frame      0x0000000008000b40        0x0 c:/st/stm32cubeide_1.4.0/stm32cubeide/plugins/com.st.stm32cube.ide.mcu.externaltools.gnu-tools-for-stm32.7-2018-q2-update.win32_1.4.0.202007081208/tools/bin/../lib/gcc/arm-none-eabi/7.3.1/thumb/v7-m/crtbegin.o
 *(.init)
 .init          0x0000000008000b40        0x4 c:/st/stm32cubeide_1.4.0/stm32cubeide/plugins/com.st.stm32cube.ide.mcu.externaltools.gnu-tools-for-stm32.7-2018-q2-update.win32_1.4.0.202007081208/tools/bin/../lib/gcc/arm-none-eabi/7.3.1/thumb/v7-m/crti.o
                0x0000000008000b40                _init
 .init          0x0000000008000b44        0x8 c:/st/stm32cubeide_1.4.0/stm32cubeide/plugins/com.st.stm32cube.ide.mcu.externaltools.gnu-tools-for-stm32.7-2018-q2-update.win32_1.4.0.202007081208/tools/bin/../lib/gcc/arm-none-eabi/7.3.1/thumb/v7-m/crtn.o
 *(.fini)
 .fini          0x0000000008000b4c        0x4 c:/st/stm32cubeide_1.4.0/stm32cubeide/plugins/com.st.stm32cube.ide.mcu.externaltools.gnu-tools-for-stm32.7-2018-q2-update.win32_1.4.0.202007081208/tools/bin/../lib/gcc/arm-none-eabi/7.3.1/thumb/v7-m/crti.o
                0x0000000008000b4c                _fini
 .fini          0x0000000008000b50        0x8 c:/st/stm32cubeide_1.4.0/stm32cubeide/plugins/com.st.stm32cube.ide.mcu.externaltools.gnu-tools-for-stm32.7-2018-q2-update.win32_1.4.0.202007081208/tools/bin/../lib/gcc/arm-none-eabi/7.3.1/thumb/v7-m/crtn.o
                0x0000000008000b58                . = ALIGN (0x4)
                0x0000000008000b58                _etext = .

.vfp11_veneer   0x0000000008000b58        0x0
 .vfp11_veneer  0x0000000008000b58        0x0 linker stubs

.v4_bx          0x0000000008000b58        0x0
 .v4_bx         0x0000000008000b58        0x0 linker stubs

.iplt           0x0000000008000b58        0x0
 .iplt          0x0000000008000b58        0x0 c:/st/stm32cubeide_1.4.0/stm32cubeide/plugins/com.st.stm32cube.ide.mcu.externaltools.gnu-tools-for-stm32.7-2018-q2-update.win32_1.4.0.202007081208/tools/bin/../lib/gcc/arm-none-eabi/7.3.1/thumb/v7-m/crtbegin.o

.rodata         0x0000000008000b58        0xc
                0x0000000008000b58                . = ALIGN (0x4)
 *(.rodata)
 .rodata        0x0000000008000b58        0xc Src/main.o
 *(.rodata*)
                0x0000000008000b64                . = ALIGN (0x4)

.rel.dyn        0x0000000008000b64        0x0
 .rel.iplt      0x0000000008000b64        0x0 c:/st/stm32cubeide_1.4.0/stm32cubeide/plugins/com.st.stm32cube.ide.mcu.externaltools.gnu-tools-for-stm32.7-2018-q2-update.win32_1.4.0.202007081208/tools/bin/../lib/gcc/arm-none-eabi/7.3.1/thumb/v7-m/crtbegin.o

.ARM.extab      0x0000000008000b64        0x0
                0x0000000008000b64                . = ALIGN (0x4)
 *(.ARM.extab* .gnu.linkonce.armextab.*)
                0x0000000008000b64                . = ALIGN (0x4)

.ARM            0x0000000008000b64        0x0
                0x0000000008000b64                . = ALIGN (0x4)
                0x0000000008000b64                __exidx_start = .
 *(.ARM.exidx*)
                0x0000000008000b64                __exidx_end = .
                0x0000000008000b64                . = ALIGN (0x4)

.preinit_array  0x0000000008000b64        0x0
                0x0000000008000b64                . = ALIGN (0x4)
                0x0000000008000b64                PROVIDE (__preinit_array_start = .)
 *(.preinit_array*)
                0x0000000008000b64                PROVIDE (__preinit_array_end = .)
                0x0000000008000b64                . = ALIGN (0x4)

.init_array     0x0000000008000b64        0x4
                0x0000000008000b64                . = ALIGN (0x4)
                0x0000000008000b64                PROVIDE (__init_array_start = .)
 *(SORT_BY_NAME(.init_array.*))
 *(.init_array*)
 .init_array    0x0000000008000b64        0x4 c:/st/stm32cubeide_1.4.0/stm32cubeide/plugins/com.st.stm32cube.ide.mcu.externaltools.gnu-tools-for-stm32.7-2018-q2-update.win32_1.4.0.202007081208/tools/bin/../lib/gcc/arm-none-eabi/7.3.1/thumb/v7-m/crtbegin.o
                0x0000000008000b68                PROVIDE (__init_array_end = .)
                0x0000000008000b68                . = ALIGN (0x4)

.fini_array     0x0000000008000b68        0x4
                0x0000000008000b68                . = ALIGN (0x4)
                [!provide]                        PROVIDE (__fini_array_start = .)
 *(SORT_BY_NAME(.fini_array.*))
 *(.fini_array*)
 .fini_array    0x0000000008000b68        0x4 c:/st/stm32cubeide_1.4.0/stm32cubeide/plugins/com.st.stm32cube.ide.mcu.externaltools.gnu-tools-for-stm32.7-2018-q2-update.win32_1.4.0.202007081208/tools/bin/../lib/gcc/arm-none-eabi/7.3.1/thumb/v7-m/crtbegin.o
                [!provide]                        PROVIDE (__fini_array_end = .)
                0x0000000008000b6c                . = ALIGN (0x4)
                0x0000000008000b6c                _sidata = LOADADDR (.data)

.data           0x0000000020000000        0x0 load address 0x0000000008000b6c
                0x0000000020000000                . = ALIGN (0x4)
                0x0000000020000000                _sdata = .
 *(.data)
 *(.data*)
                0x0000000020000000                . = ALIGN (0x4)
                0x0000000020000000                _edata = .

.igot.plt       0x0000000020000000        0x0 load address 0x0000000008000b6c
 .igot.plt      0x0000000020000000        0x0 c:/st/stm32cubeide_1.4.0/stm32cubeide/plugins/com.st.stm32cube.ide.mcu.externaltools.gnu-tools-for-stm32.7-2018-q2-update.win32_1.4.0.202007081208/tools/bin/../lib/gcc/arm-none-eabi/7.3.1/thumb/v7-m/crtbegin.o
                0x0000000020000000                . = ALIGN (0x4)

.bss            0x0000000020000000       0x58 load address 0x0000000008000b6c
                0x0000000020000000                _sbss = .
                0x0000000020000000                __bss_start__ = _sbss
 *(.bss)
 .bss           0x0000000020000000       0x1c c:/st/stm32cubeide_1.4.0/stm32cubeide/plugins/com.st.stm32cube.ide.mcu.externaltools.gnu-tools-for-stm32.7-2018-q2-update.win32_1.4.0.202007081208/tools/bin/../lib/gcc/arm-none-eabi/7.3.1/thumb/v7-m/crtbegin.o
 *(.bss*)
 *(COMMON)
 COMMON         0x000000002000001c       0x3c Drivers/MCAL/EXTI/STM32F103x6_EXTI_driver.o
                0x000000002000001c                gp_IRQ_CallBack
                0x0000000020000058                . = ALIGN (0x4)
                0x0000000020000058                _ebss = .
                0x0000000020000058                __bss_end__ = _ebss

._user_heap_stack
                0x0000000020000058      0x600 load address 0x0000000008000b6c
                0x0000000020000058                . = ALIGN (0x8)
                [!provide]                        PROVIDE (end = .)
                0x0000000020000058                PROVIDE (_end = .)
                0x0000000020000258                . = (. + _Min_Heap_Size)
 *fill*         0x0000000020000058      0x200 
                0x0000000020000658                . = (. + _Min_Stack_Size)
 *fill*         0x0000000020000258      0x400 
                0x0000000020000658                . = ALIGN (0x8)

/DISCARD/
 libc.a(*)
 libm.a(*)
 libgcc.a(*)

.ARM.attributes
                0x0000000000000000       0x29
 *(.ARM.attributes)
 .ARM.attributes
                0x0000000000000000       0x1d c:/st/stm32cubeide_1.4.0/stm32cubeide/plugins/com.st.stm32cube.ide.mcu.externaltools.gnu-tools-for-stm32.7-2018-q2-update.win32_1.4.0.202007081208/tools/bin/../lib/gcc/arm-none-eabi/7.3.1/thumb/v7-m/crti.o
 .ARM.attributes
                0x000000000000001d       0x2d c:/st/stm32cubeide_1.4.0/stm32cubeide/plugins/com.st.stm32cube.ide.mcu.externaltools.gnu-tools-for-stm32.7-2018-q2-update.win32_1.4.0.202007081208/tools/bin/../lib/gcc/arm-none-eabi/7.3.1/thumb/v7-m/crtbegin.o
 .ARM.attributes
                0x000000000000004a       0x33 Drivers/MCAL/EXTI/STM32F103x6_EXTI_driver.o
 .ARM.attributes
                0x000000000000007d       0x33 Drivers/MCAL/GPIO/STM32F103x6_GPIO_driver.o
 .ARM.attributes
                0x00000000000000b0       0x33 Src/main.o
 .ARM.attributes
                0x00000000000000e3       0x21 Startup/startup_stm32f103c6tx.o
 .ARM.attributes
                0x0000000000000104       0x2d c:/st/stm32cubeide_1.4.0/stm32cubeide/plugins/com.st.stm32cube.ide.mcu.externaltools.gnu-tools-for-stm32.7-2018-q2-update.win32_1.4.0.202007081208/tools/bin/../lib/gcc/arm-none-eabi/7.3.1/../../../../arm-none-eabi/lib/thumb/v7-m\libc_nano.a(lib_a-init.o)
 .ARM.attributes
                0x0000000000000131       0x1d c:/st/stm32cubeide_1.4.0/stm32cubeide/plugins/com.st.stm32cube.ide.mcu.externaltools.gnu-tools-for-stm32.7-2018-q2-update.win32_1.4.0.202007081208/tools/bin/../lib/gcc/arm-none-eabi/7.3.1/thumb/v7-m/crtn.o
OUTPUT(STM32F103x6_Drivers.elf elf32-littlearm)

.debug_info     0x0000000000000000     0x279a
 .debug_info    0x0000000000000000      0xda2 Drivers/MCAL/EXTI/STM32F103x6_EXTI_driver.o
 .debug_info    0x0000000000000da2      0xd69 Drivers/MCAL/GPIO/STM32F103x6_GPIO_driver.o
 .debug_info    0x0000000000001b0b      0xc6d Src/main.o
 .debug_info    0x0000000000002778       0x22 Startup/startup_stm32f103c6tx.o

.debug_abbrev   0x0000000000000000      0x636
 .debug_abbrev  0x0000000000000000      0x22d Drivers/MCAL/EXTI/STM32F103x6_EXTI_driver.o
 .debug_abbrev  0x000000000000022d      0x1f8 Drivers/MCAL/GPIO/STM32F103x6_GPIO_driver.o
 .debug_abbrev  0x0000000000000425      0x1ff Src/main.o
 .debug_abbrev  0x0000000000000624       0x12 Startup/startup_stm32f103c6tx.o

.debug_loc      0x0000000000000000      0x7e8
 .debug_loc     0x0000000000000000      0x320 Drivers/MCAL/EXTI/STM32F103x6_EXTI_driver.o
 .debug_loc     0x0000000000000320      0x330 Drivers/MCAL/GPIO/STM32F103x6_GPIO_driver.o
 .debug_loc     0x0000000000000650      0x198 Src/main.o

.debug_aranges  0x0000000000000000      0x150
 .debug_aranges
                0x0000000000000000       0x80 Drivers/MCAL/EXTI/STM32F103x6_EXTI_driver.o
 .debug_aranges
                0x0000000000000080       0x60 Drivers/MCAL/GPIO/STM32F103x6_GPIO_driver.o
 .debug_aranges
                0x00000000000000e0       0x48 Src/main.o
 .debug_aranges
                0x0000000000000128       0x28 Startup/startup_stm32f103c6tx.o

.debug_ranges   0x0000000000000000      0x118
 .debug_ranges  0x0000000000000000       0x70 Drivers/MCAL/EXTI/STM32F103x6_EXTI_driver.o
 .debug_ranges  0x0000000000000070       0x50 Drivers/MCAL/GPIO/STM32F103x6_GPIO_driver.o
 .debug_ranges  0x00000000000000c0       0x38 Src/main.o
 .debug_ranges  0x00000000000000f8       0x20 Startup/startup_stm32f103c6tx.o

.debug_macro    0x0000000000000000     0x1f4a
 .debug_macro   0x0000000000000000      0x135 Drivers/MCAL/EXTI/STM32F103x6_EXTI_driver.o
 .debug_macro   0x0000000000000135      0xa60 Drivers/MCAL/EXTI/STM32F103x6_EXTI_driver.o
 .debug_macro   0x0000000000000b95       0x18 Drivers/MCAL/EXTI/STM32F103x6_EXTI_driver.o
 .debug_macro   0x0000000000000bad       0x22 Drivers/MCAL/EXTI/STM32F103x6_EXTI_driver.o
 .debug_macro   0x0000000000000bcf       0x40 Drivers/MCAL/EXTI/STM32F103x6_EXTI_driver.o
 .debug_macro   0x0000000000000c0f       0x94 Drivers/MCAL/EXTI/STM32F103x6_EXTI_driver.o
 .debug_macro   0x0000000000000ca3       0x3c Drivers/MCAL/EXTI/STM32F103x6_EXTI_driver.o
 .debug_macro   0x0000000000000cdf       0x34 Drivers/MCAL/EXTI/STM32F103x6_EXTI_driver.o
 .debug_macro   0x0000000000000d13       0x16 Drivers/MCAL/EXTI/STM32F103x6_EXTI_driver.o
 .debug_macro   0x0000000000000d29      0x10e Drivers/MCAL/EXTI/STM32F103x6_EXTI_driver.o
 .debug_macro   0x0000000000000e37       0x8d Drivers/MCAL/EXTI/STM32F103x6_EXTI_driver.o
 .debug_macro   0x0000000000000ec4       0x57 Drivers/MCAL/EXTI/STM32F103x6_EXTI_driver.o
 .debug_macro   0x0000000000000f1b       0x52 Drivers/MCAL/EXTI/STM32F103x6_EXTI_driver.o
 .debug_macro   0x0000000000000f6d       0x1f Drivers/MCAL/EXTI/STM32F103x6_EXTI_driver.o
 .debug_macro   0x0000000000000f8c       0x43 Drivers/MCAL/EXTI/STM32F103x6_EXTI_driver.o
 .debug_macro   0x0000000000000fcf       0x20 Drivers/MCAL/EXTI/STM32F103x6_EXTI_driver.o
 .debug_macro   0x0000000000000fef      0x1a3 Drivers/MCAL/EXTI/STM32F103x6_EXTI_driver.o
 .debug_macro   0x0000000000001192      0x330 Drivers/MCAL/EXTI/STM32F103x6_EXTI_driver.o
 .debug_macro   0x00000000000014c2       0x16 Drivers/MCAL/EXTI/STM32F103x6_EXTI_driver.o
 .debug_macro   0x00000000000014d8       0x29 Drivers/MCAL/EXTI/STM32F103x6_EXTI_driver.o
 .debug_macro   0x0000000000001501       0x40 Drivers/MCAL/EXTI/STM32F103x6_EXTI_driver.o
 .debug_macro   0x0000000000001541       0x10 Drivers/MCAL/EXTI/STM32F103x6_EXTI_driver.o
 .debug_macro   0x0000000000001551      0x1c4 Drivers/MCAL/EXTI/STM32F103x6_EXTI_driver.o
 .debug_macro   0x0000000000001715      0x230 Drivers/MCAL/EXTI/STM32F103x6_EXTI_driver.o
 .debug_macro   0x0000000000001945       0xbe Drivers/MCAL/EXTI/STM32F103x6_EXTI_driver.o
 .debug_macro   0x0000000000001a03      0x126 Drivers/MCAL/GPIO/STM32F103x6_GPIO_driver.o
 .debug_macro   0x0000000000001b29       0xb8 Drivers/MCAL/GPIO/STM32F103x6_GPIO_driver.o
 .debug_macro   0x0000000000001be1      0x133 Src/main.o
 .debug_macro   0x0000000000001d14      0x236 Src/main.o

.debug_line     0x0000000000000000     0x13bf
 .debug_line    0x0000000000000000      0x709 Drivers/MCAL/EXTI/STM32F103x6_EXTI_driver.o
 .debug_line    0x0000000000000709      0x660 Drivers/MCAL/GPIO/STM32F103x6_GPIO_driver.o
 .debug_line    0x0000000000000d69      0x5d2 Src/main.o
 .debug_line    0x000000000000133b       0x84 Startup/startup_stm32f103c6tx.o

.debug_str      0x0000000000000000     0x85be
 .debug_str     0x0000000000000000     0x83ef Drivers/MCAL/EXTI/STM32F103x6_EXTI_driver.o
                                       0x859c (size before relaxing)
 .debug_str     0x00000000000083ef      0x162 Drivers/MCAL/GPIO/STM32F103x6_GPIO_driver.o
                                       0x7307 (size before relaxing)
 .debug_str     0x0000000000008551       0x3c Src/main.o
                                       0x840f (size before relaxing)
 .debug_str     0x000000000000858d       0x31 Startup/startup_stm32f103c6tx.o
                                         0x7c (size before relaxing)

.comment        0x0000000000000000       0x7b
 .comment       0x0000000000000000       0x7b Drivers/MCAL/EXTI/STM32F103x6_EXTI_driver.o
                                         0x7c (size before relaxing)
 .comment       0x000000000000007b       0x7c Drivers/MCAL/GPIO/STM32F103x6_GPIO_driver.o
 .comment       0x000000000000007b       0x7c Src/main.o

.debug_frame    0x0000000000000000      0x42c
 .debug_frame   0x0000000000000000      0x1b0 Drivers/MCAL/EXTI/STM32F103x6_EXTI_driver.o
 .debug_frame   0x00000000000001b0      0x178 Drivers/MCAL/GPIO/STM32F103x6_GPIO_driver.o
 .debug_frame   0x0000000000000328       0xd8 Src/main.o
 .debug_frame   0x0000000000000400       0x2c c:/st/stm32cubeide_1.4.0/stm32cubeide/plugins/com.st.stm32cube.ide.mcu.externaltools.gnu-tools-for-stm32.7-2018-q2-update.win32_1.4.0.202007081208/tools/bin/../lib/gcc/arm-none-eabi/7.3.1/../../../../arm-none-eabi/lib/thumb/v7-m\libc_nano.a(lib_a-init.o)
