stm32f103c8_exti_driver.c:63:6:MCAL_EXTI_GPIO_Init	16	static
stm32f103c8_exti_driver.c:69:6:MCAL_EXTI_GPIO_DeInit	4	static
stm32f103c8_exti_driver.c:90:6:MCAL_EXTI_GPIO_Update	16	static
stm32f103c8_exti_driver.c:100:13:EXTI_initUpdate	24	static
stm32f103c8_exti_driver.c:161:13:NVIC_enable	16	static
stm32f103c8_exti_driver.c:176:13:NVIC_disable	16	static
stm32f103c8_exti_driver.c:195:6:EXTI0_IRQHandler	8	static
stm32f103c8_exti_driver.c:203:6:EXTI1_IRQHandler	8	static
stm32f103c8_exti_driver.c:211:6:EXTI2_IRQHandler	8	static
stm32f103c8_exti_driver.c:219:6:EXTI3_IRQHandler	8	static
stm32f103c8_exti_driver.c:227:6:EXTI4_IRQHandler	8	static
stm32f103c8_exti_driver.c:235:6:EXTI9_5_IRQHandler	8	static
stm32f103c8_exti_driver.c:270:6:EXTI15_10_IRQHandler	8	static
